# serializer version: 1
# name: test_index_missing_date
  '''
  <!DOCTYPE html>
  <html lang="en">
    <head>
    <meta charset="utf-8">
    <meta name="viewport" content="width=device-width, initial-scale=1">
    <link rel="stylesheet" type="text/css" href="/static/style.css">
    <script defer src="/static/pull_to_refresh.js"></script>
    <title>newsyacht</title>
  </head>
    <body>
  	<div class="navigation">
    <ul>
  	<li class=nav><a class=nav href="/">Home</a></li>
  	<li class=nav><a class=nav href="/archive">Read</a></li>
    </ul>
  </div>
  	<div id="ptr">Pull to refresh…</div>
  	
  	<h2>Unread</h2>
  	<ul class="post-list">
  	  
  	  
  
  <li class="post">
    <div class="post-body">
  	<div class="post-text">
  	  <div class="post-title">
  		<a href="/read/1">waydroid &gt;= 1.5.4-3 update may require manual intervention</a>
  	  </div>
  
  	  <div class="post-meta">
  		<span
  		  class="post-author"
  		  
  		  ><a href="/feed/1">None</a></span>
  		
  		
  		
  		· <a href="/mark-read/1">Mark Read</a>
  		
  	  </div>
  	</div>
  
  	
    </div>
  </li>
  
  
  	  
  	</ul>
    </body>
  </html>
  '''
# ---
