# serializer version: 1
# name: test_thumbnail
  '''
  <!DOCTYPE html>
  <html lang="en">
    <head>
    <meta charset="utf-8">
    <meta name="viewport" content="width=device-width, initial-scale=1">
    <link rel="stylesheet" type="text/css" href="/static/style.css">
    <script defer src="/static/pull_to_refresh.js"></script>
    <title>newsyacht</title>
  </head>
    <body>
  	<div class="navigation">
    <ul>
  	<li class=nav><a class=nav href="/">Home</a></li>
  	<li class=nav><a class=nav href="/archive">Read</a></li>
    </ul>
  </div>
  	<div id="ptr">Pull to refresh…</div>
  	
  	<h2>Unread</h2>
  	<ul>
  	  
  	  
  
  <li class="post">
    <div class="post-body">
  	<div class="post-text">
  	  <div class="post-title">
  		<a href="/read/2">(OC) The aspen trees of Colorado don’t feel real</a>
  	  </div>
  
  	  <div class="post-meta">
  		<span
  		  class="post-author"
  		  
  		  style="background-color:#ff6600; color: #fff"
  		  
  		  ><a href="/feed/1">/u/NaturePerson88</a></span>
  		
  		·
  		<time
  		  datetime="2025-12-29T23:22:35+00:00"
  		  title="2025-12-29 23:22:35 UTC"
  		  >
  		  2025-12-29
  		</time>
  		
  		
  		
  		· <a href="/mark-read/2">Mark Read</a>
  		
  	  </div>
  	</div>
  
  	
  	<img class="post-thumbnail" src="https://preview.redd.it/sne0ns4j88ag1.jpeg?width=640&amp;crop=smart&amp;auto=webp&amp;s=fabffda7e3d991c8baab4c4cb48dbf6a9d663b52" alt="">
  	
    </div>
  </li>
  
  
  	  
  	  
  
  <li class="post">
    <div class="post-body">
  	<div class="post-text">
  	  <div class="post-title">
  		<a href="/read/1">Linux Sandboxes and Fil-C</a>
  	  </div>
  
  	  <div class="post-meta">
  		<span
  		  class="post-author"
  		  
  		  style="background-color:#ff6600; color: #fff"
  		  
  		  ><a href="/feed/1">None</a></span>
  		
  		·
  		<time
  		  datetime="2025-12-13T22:58:29+00:00"
  		  title="2025-12-13 22:58:29 UTC"
  		  >
  		  2025-12-13
  		</time>
  		
  		
  		· <a href="https://news.ycombinator.com/item?id=46259064">Comments</a>
  		
  		
  		· <a href="/mark-read/1">Mark Read</a>
  		
  	  </div>
  	</div>
  
  	
    </div>
  </li>
  
  
  	  
  	</ul>
    </body>
  </html>
  '''
# ---
