# serializer version: 1
# name: test_default_post_sorting
  '''
  <!DOCTYPE html>
  <html lang="en">
    <head>
    <meta charset="utf-8">
    <meta name="viewport" content="width=device-width, initial-scale=1">
    <link rel="stylesheet" type="text/css" href="/static/style.css">
    <script defer src="/static/pull_to_refresh.js"></script>
    <title>newsyacht</title>
  </head>
    <body>
  	<div class="navigation">
    <ul>
  	<li class=nav><a class=nav href="/">Home</a></li>
  	<li class=nav><a class=nav href="/archive">Read</a></li>
    </ul>
  </div>
  	<div id="ptr">Pull to refresh…</div>
  	
  	<h2>Unread</h2>
  	<ul class="post-list">
  	  
  	  
  
  <li class="post">
    <div class="post-vote">
      <form method="post" action="/upvote/2">
        <button
          class="vote-button vote-up"
          type="submit"
          aria-label="Upvote"
          
        >
          <svg class="vote-icon" viewBox="0 0 16 16" aria-hidden="true">
            <polyline points="1,11 8,4 15,11"></polyline>
          </svg>
        </button>
      </form>
      <div class="post-score">
        90
      </div>
      <form method="post" action="/downvote/2">
        <button
          class="vote-button vote-down"
          type="submit"
          aria-label="Downvote"
          
        >
          <svg class="vote-icon" viewBox="0 0 16 16" aria-hidden="true">
            <polyline points="1,5 8,12 15,5"></polyline>
          </svg>
        </button>
      </form>
    </div>
    <div class="post-body">
  	<div class="post-text">
  	  <div class="post-title">
  		<a href="/read/2">Higher scoring post</a>
  	  </div>
  
  	  <div class="post-meta">
  		<span
  		  class="post-author"
  		  
  		  style="background-color:#ff6600; color: #fff"
  		  
  		  ><a href="/feed/1">None</a></span>
  		
  		·
  		<time
  		  datetime="<DATE>T00:00:00+00:00"
  		  title="<DATE> 00:00:00 UTC"
  		  >
  		  <DATE>
  		</time>
  		
  		
  		· <a href="https://news.ycombinator.com/item?id=46259064">Comments</a>
  		
  		
  		· <a href="/mark-read/2">Mark Read</a>
  		
  	  </div>
  	</div>
  
  	
    </div>
  </li>
  
  
  	  
  	</ul>
    </body>
  </html>
  '''
# ---
