# serializer version: 1
# name: test_tokenize_arch
  list([
    list([
      'waydroid',
      '4-3',
      'update',
      'may',
      'require',
      'manual',
      'intervention',
      'the',
      'waydroid',
      'package',
      'prior',
      'to',
      'version',
      '4-2',
      'including',
      'aur',
      'waydroid',
      'creates',
      'python',
      'byte-code',
      'files',
      'pyc',
      'at',
      'runtime',
      'which',
      'were',
      'untracked',
      'by',
      'pacman',
      'this',
      'issue',
      'has',
      'been',
      'fixed',
      'in',
      '4-3',
      'where',
      'byte-compiling',
      'these',
      'files',
      'is',
      'now',
      'done',
      'during',
      'the',
      'packaging',
      'process',
      'as',
      'a',
      'result',
      'the',
      'upgrade',
      'may',
      'conflict',
      'with',
      'the',
      'unowned',
      'files',
      'created',
      'in',
      'previous',
      'versions',
      'if',
      'you',
      'encounter',
      'errors',
      'like',
      'the',
      'following',
      'during',
      'the',
      'update',
      'error',
      'failed',
      'to',
      'commit',
      'transaction',
      'conflicting',
      'files',
      'waydroid',
      'usr',
      'lib',
      'waydroid',
      'tools',
      'pycache',
      'init',
      'cpython-313',
      'pyc',
      'exists',
      'in',
      'filesystem',
      'waydroid',
      'usr',
      'lib',
      'waydroid',
      'tools',
      'actions',
      'pycache',
      'init',
      'cpython-313',
      'pyc',
      'exists',
      'in',
      'filesystem',
      'waydroid',
      'usr',
      'lib',
      'waydroid',
      'tools',
      'actions',
      'pycache',
      'app',
      'manager',
      'cpython-313',
      'pyc',
      'exists',
      'in',
      'filesystem',
      'you',
      'can',
      'safely',
      'overwrite',
      'these',
      'files',
      'by',
      'running',
      'the',
      'following',
      'command',
      'pacman',
      '-syu',
      '--overwrite',
      'usr',
      'lib',
      'waydroid',
      'tools',
      'pycache',
    ]),
    list([
      'dovecot',
      'requires',
      'manual',
      'intervention',
      'the',
      'dovecot',
      'release',
      'branch',
      'has',
      'made',
      'breaking',
      'changes',
      'which',
      'result',
      'in',
      'it',
      'being',
      'incompatible',
      'with',
      'any',
      'lt',
      'configuration',
      'file',
      'thus',
      'the',
      'dovecot',
      'service',
      'will',
      'no',
      'longer',
      'be',
      'able',
      'to',
      'start',
      'until',
      'the',
      'configuration',
      'file',
      'was',
      'migrated',
      'requiring',
      'manual',
      'intervention',
      'for',
      'guidance',
      'on',
      'the',
      '3-to-2',
      'migration',
      'please',
      'refer',
      'to',
      'the',
      'following',
      'upstream',
      'documentation',
      'upgrading',
      'dovecot',
      'ce',
      'from',
      'to',
      'furthermore',
      'the',
      'dovecot',
      'branch',
      'no',
      'longer',
      'supports',
      'their',
      'replication',
      'feature',
      'it',
      'was',
      'removed',
      'for',
      'users',
      'relying',
      'on',
      'the',
      'replication',
      'feature',
      'or',
      'who',
      'are',
      'unable',
      'to',
      'perform',
      'the',
      'migration',
      'right',
      'now',
      'we',
      'provide',
      'alternative',
      'packages',
      'available',
      'in',
      'extra',
      'dovecot23',
      'pigeonhole23',
      'dovecot23-fts-elastic',
      'dovecot23-fts-xapian',
      'the',
      'dovecot',
      'release',
      'branch',
      'is',
      'going',
      'to',
      'receive',
      'critical',
      'security',
      'fixes',
      'from',
      'upstream',
      'until',
      'stated',
      'otherwise',
    ]),
    list([
      'recent',
      'service',
      'outages',
      'we',
      'want',
      'to',
      'provide',
      'an',
      'update',
      'on',
      'the',
      'recent',
      'service',
      'outages',
      'affecting',
      'our',
      'infrastructure',
      'the',
      'arch',
      'linux',
      'project',
      'is',
      'currently',
      'experiencing',
      'an',
      'ongoing',
      'denial',
      'of',
      'service',
      'attack',
      'that',
      'primarily',
      'impacts',
      'our',
      'main',
      'webpage',
      'the',
      'arch',
      'user',
      'repository',
      'aur',
      'and',
      'the',
      'forums',
      'we',
      'are',
      'aware',
      'of',
      'the',
      'problems',
      'that',
      'this',
      'creates',
      'for',
      'our',
      'end',
      'users',
      'and',
      'will',
      'continue',
      'to',
      'actively',
      'work',
      'with',
      'our',
      'hosting',
      'provider',
      'to',
      'mitigate',
      'the',
      'attack',
      'we',
      'are',
      'also',
      'evaluating',
      'ddos',
      'protection',
      'providers',
      'while',
      'carefully',
      'considering',
      'factors',
      'including',
      'cost',
      'security',
      'and',
      'ethical',
      'standards',
      'to',
      'improve',
      'the',
      'communication',
      'around',
      'this',
      'issue',
      'we',
      'will',
      'provide',
      'regular',
      'updates',
      'on',
      'our',
      'service',
      'status',
      'page',
      'going',
      'forward',
      'as',
      'a',
      'volunteer-driven',
      'project',
      'we',
      'appreciate',
      'the',
      "community's",
      'patience',
      'as',
      'our',
      'devops',
      'team',
      'works',
      'to',
      'resolve',
      'these',
      'issues',
      'please',
      'bear',
      'with',
      'us',
      'and',
      'thank',
      'you',
      'for',
      'all',
      'the',
      'support',
      'you',
      'have',
      'shown',
      'so',
      'far',
      'workarounds',
      'during',
      'service',
      'disruption',
      'in',
      'the',
      'case',
      'of',
      'downtime',
      'for',
      'archlinux',
      'org',
      'mirrors',
      'the',
      'mirror',
      'list',
      'endpoint',
      'used',
      'in',
      'tools',
      'like',
      'reflector',
      'is',
      'hosted',
      'on',
      'this',
      'site',
      'please',
      'default',
      'to',
      'the',
      'mirrors',
      'listed',
      'in',
      'the',
      'pacman-mirrorlist',
      'package',
      'during',
      'an',
      'outage',
      'iso',
      'our',
      'installation',
      'image',
      'is',
      'available',
      'on',
      'a',
      'lot',
      'of',
      'the',
      'mirrors',
      'for',
      'example',
      'the',
      'devops',
      'administered',
      'geomirrors',
      'please',
      'always',
      'verify',
      'its',
      'integrity',
      'as',
      'described',
      'on',
      'the',
      'wiki',
      'and',
      'confirm',
      'it',
      'is',
      'signed',
      'by',
      '0x3e80ca1a8b89f69cba57d98a76a5ef9054449a5c',
      'or',
      'other',
      'trusted',
      'keys',
      'that',
      'may',
      'be',
      'used',
      'in',
      'the',
      'future',
      'in',
      'the',
      'case',
      'of',
      'downtime',
      'for',
      'aur',
      'archlinux',
      'org',
      'packages',
      'we',
      'maintain',
      'a',
      'mirror',
      'of',
      'aur',
      'packages',
      'on',
      'github',
      'you',
      'can',
      'retrieve',
      'a',
      'package',
      'using',
      '$',
      'git',
      'clone',
      '--branch',
      'lt',
      'package',
      'name',
      'gt',
      '--single-branch',
      'https',
      'github',
      'com',
      'archlinux',
      'aur',
      'git',
      'lt',
      'package',
      'name',
      'gt',
      'in',
      'the',
      'case',
      'of',
      'downtime',
      'for',
      'wiki',
      'archlinux',
      'org',
      'docs',
      'the',
      'arch-wiki-docs',
      'and',
      'arch-wiki-lite',
      'contain',
      'recent',
      'snapshots',
      'of',
      'the',
      'articles',
      'as',
      'hosted',
      'on',
      'the',
      'arch',
      'linux',
      'wiki',
      'additional',
      'remarks',
      'our',
      'services',
      'may',
      'send',
      'an',
      'initial',
      'connection',
      'reset',
      'due',
      'to',
      'the',
      'tcp',
      'syn',
      'authentication',
      'performed',
      'by',
      'our',
      'hosting',
      'provider',
      'but',
      'subsequent',
      'requests',
      'should',
      'work',
      'as',
      'expected',
      'we',
      'are',
      'keeping',
      'technical',
      'details',
      'about',
      'the',
      'attack',
      'its',
      'origin',
      'and',
      'our',
      'mitigation',
      'tactics',
      'internal',
      'while',
      'the',
      'attack',
      'is',
      'still',
      'ongoing',
    ]),
    list([
      'zabbix',
      '1-2',
      'may',
      'require',
      'manual',
      'intervention',
      'starting',
      'with',
      '1-2',
      'the',
      'following',
      'zabbix',
      'system',
      'user',
      'accounts',
      'previously',
      'shipped',
      'by',
      'their',
      'related',
      'packages',
      'will',
      'no',
      'longer',
      'be',
      'used',
      'instead',
      'all',
      'zabbix',
      'components',
      'will',
      'now',
      'rely',
      'on',
      'a',
      'shared',
      'zabbix',
      'user',
      'account',
      'as',
      'originally',
      'intended',
      'by',
      'upstream',
      'and',
      'done',
      'by',
      'other',
      'distributions',
      'zabbix-server',
      'zabbix-proxy',
      'zabbix-agent',
      'also',
      'used',
      'by',
      'the',
      'zabbix-agent2',
      'package',
      'zabbix-web-service',
      'this',
      'shared',
      'zabbix',
      'user',
      'account',
      'is',
      'provided',
      'by',
      'the',
      'newly',
      'introduced',
      'zabbix-common',
      'split',
      'package',
      'which',
      'is',
      'now',
      'a',
      'dependency',
      'for',
      'all',
      'relevant',
      'zabbix-',
      'packages',
      'the',
      'switch',
      'to',
      'the',
      'new',
      'user',
      'account',
      'is',
      'handled',
      'automatically',
      'for',
      'the',
      'corresponding',
      'main',
      'configuration',
      'files',
      'and',
      'systemd',
      'service',
      'units',
      'however',
      'manual',
      'intervention',
      'may',
      'be',
      'required',
      'if',
      'you',
      'created',
      'custom',
      'files',
      'or',
      'configurations',
      'referencing',
      'to',
      'and',
      'or',
      'being',
      'owned',
      'by',
      'the',
      'above',
      'deprecated',
      'users',
      'accounts',
      'for',
      'example',
      'psk',
      'files',
      'used',
      'for',
      'encrypted',
      'communication',
      'custom',
      'scripts',
      'for',
      'metrics',
      'collections',
      'or',
      'report',
      'generations',
      'sudoers',
      'rules',
      'for',
      'metrics',
      'requiring',
      'elevated',
      'privileges',
      'to',
      'be',
      'collected',
      'those',
      'should',
      'therefore',
      'be',
      'updated',
      'to',
      'refer',
      'to',
      'and',
      'or',
      'be',
      'owned',
      'by',
      'the',
      'new',
      'zabbix',
      'user',
      'account',
      'otherwise',
      'some',
      'services',
      'or',
      'user',
      'parameters',
      'may',
      'fail',
      'to',
      'work',
      'properly',
      'or',
      'not',
      'at',
      'all',
      'once',
      'migrated',
      'you',
      'may',
      'remove',
      'the',
      'obsolete',
      'user',
      'accounts',
      'from',
      'your',
      'system',
    ]),
    list([
      'linux-firmware',
      '12fe085f-5',
      'upgrade',
      'requires',
      'manual',
      'intervention',
      'with',
      '12fe085f-5',
      'we',
      'split',
      'our',
      'firmware',
      'into',
      'several',
      'vendor-focused',
      'packages',
      'linux-firmware',
      'is',
      'now',
      'an',
      'empty',
      'package',
      'depending',
      'on',
      'our',
      'default',
      'set',
      'of',
      'firmware',
      'unfortunately',
      'this',
      'coincided',
      'with',
      'upstream',
      'reorganizing',
      'the',
      'symlink',
      'layout',
      'of',
      'the',
      'nvidia',
      'firmware',
      'resulting',
      'in',
      'a',
      'situation',
      'that',
      'pacman',
      'cannot',
      'handle',
      'when',
      'attempting',
      'to',
      'upgrade',
      'from',
      '788aadc8-2',
      'or',
      'earlier',
      'you',
      'will',
      'see',
      'the',
      'following',
      'errors',
      'linux-firmware-nvidia',
      'usr',
      'lib',
      'firmware',
      'nvidia',
      'ad103',
      'exists',
      'in',
      'filesystem',
      'linux-firmware-nvidia',
      'usr',
      'lib',
      'firmware',
      'nvidia',
      'ad104',
      'exists',
      'in',
      'filesystem',
      'linux-firmware-nvidia',
      'usr',
      'lib',
      'firmware',
      'nvidia',
      'ad106',
      'exists',
      'in',
      'filesystem',
      'linux-firmware-nvidia',
      'usr',
      'lib',
      'firmware',
      'nvidia',
      'ad107',
      'exists',
      'in',
      'filesystem',
      'to',
      'progress',
      'with',
      'the',
      'system',
      'upgrade',
      'first',
      'remove',
      'linux-firmware',
      'then',
      'reinstall',
      'it',
      'as',
      'part',
      'of',
      'the',
      'upgrade',
      'pacman',
      '-rdd',
      'linux-firmware',
      'pacman',
      '-syu',
      'linux-firmware',
    ]),
    list([
      'plasma',
      'will',
      'need',
      'manual',
      'intervention',
      'if',
      'you',
      'are',
      'on',
      'x11',
      'on',
      'plasma',
      'the',
      'wayland',
      'session',
      'will',
      'be',
      'the',
      'only',
      'one',
      'installed',
      'when',
      'the',
      'users',
      'does',
      'not',
      'manually',
      'specify',
      'kwin-x11',
      'with',
      'the',
      'recent',
      'split',
      'of',
      'kwin',
      'into',
      'kwin-wayland',
      'and',
      'kwin-x11',
      'users',
      'running',
      'the',
      'old',
      'x11',
      'session',
      'needs',
      'to',
      'manually',
      'install',
      'plasma-x11-session',
      'or',
      'they',
      'will',
      'not',
      'be',
      'able',
      'to',
      'login',
      'currently',
      'pacman',
      'is',
      'not',
      'able',
      'to',
      'figure',
      'out',
      'your',
      'personal',
      'setup',
      'and',
      'it',
      "wouldn't",
      'be',
      'ok',
      'to',
      'install',
      'plasma-x11-session',
      'and',
      'kwin-x11',
      'for',
      'every',
      'one',
      'using',
      'plasma',
      'tldr',
      'install',
      'plasma-x11-session',
      'if',
      'you',
      'are',
      'still',
      'using',
      'x11',
    ]),
    list([
      'transition',
      'to',
      'the',
      'new',
      'wow64',
      'wine',
      'and',
      'wine-staging',
      'we',
      'are',
      'transitioning',
      'the',
      'wine',
      'and',
      'wine-staging',
      'package',
      'to',
      'a',
      'pure',
      'wow64',
      'build',
      'this',
      'change',
      'removes',
      'the',
      'dependency',
      'on',
      'the',
      'multilib',
      'repository',
      'for',
      'wine',
      'and',
      'wine-staging',
      'the',
      'main',
      'reason',
      'for',
      'this',
      'is',
      'to',
      'align',
      'with',
      'upstream',
      'wine',
      'development',
      'which',
      'simplifies',
      'packaging',
      'and',
      'the',
      'dependency',
      'chain',
      'potential',
      'issues',
      'opengl',
      'performance',
      'a',
      'known',
      'limitation',
      'of',
      'the',
      'new',
      'wow64',
      'mode',
      'is',
      'reduced',
      'performance',
      'for',
      '32-bit',
      'applications',
      'that',
      'use',
      'opengl',
      'directly',
      'breaking',
      'changes',
      'existing',
      '32-bit',
      'prefixes',
      'needs',
      'to',
      'be',
      'recreated',
      'if',
      'you',
      'are',
      'facing',
      'issues',
      'with',
      'bit',
      'prefixes',
      'please',
      'recreate',
      'these',
      'and',
      'reinstall',
      'the',
      'application',
    ]),
    list([
      'valkey',
      'to',
      'replace',
      'redis',
      'in',
      'the',
      'extra',
      'repository',
      'valkey',
      'a',
      'high-performance',
      'key',
      'value',
      'datastore',
      'will',
      'be',
      'replacing',
      'redis',
      'in',
      'the',
      'extra',
      'repository',
      'this',
      'change',
      'is',
      'due',
      'to',
      'redis',
      'modifying',
      'its',
      'license',
      'from',
      'bsd-3-clause',
      'to',
      'rsalv2',
      'and',
      'ssplv1',
      'on',
      'march',
      '20th',
      'arch',
      'linux',
      'package',
      'maintainers',
      'intend',
      'to',
      'support',
      'the',
      'availability',
      'of',
      'the',
      'redis',
      'package',
      'for',
      'roughly',
      'days',
      'from',
      'the',
      'day',
      'of',
      'this',
      'post',
      'to',
      'enable',
      'a',
      'smooth',
      'transition',
      'to',
      'valkey',
      'after',
      'the',
      'day',
      'transition',
      'period',
      'has',
      'ended',
      'the',
      'redis',
      'package',
      'will',
      'be',
      'moved',
      'to',
      'the',
      'aur',
      'also',
      'from',
      'this',
      'point',
      'forward',
      'the',
      'redis',
      'package',
      'will',
      'not',
      'receive',
      'any',
      'additional',
      'updates',
      'and',
      'should',
      'be',
      'considered',
      'deprecated',
      'until',
      'it',
      'is',
      'removed',
      'users',
      'are',
      'recommended',
      'to',
      'begin',
      'transitioning',
      'their',
      'use',
      'of',
      'redis',
      'to',
      'valkey',
      'as',
      'soon',
      'as',
      'possible',
      'to',
      'avoid',
      'possible',
      'complications',
      'after',
      'the',
      'day',
      'transition',
      'window',
      'closes',
    ]),
    list([
      'cleaning',
      'up',
      'old',
      'repositories',
      'around',
      'two',
      'years',
      'ago',
      "we've",
      'merged',
      'the',
      'community',
      'repository',
      'into',
      'extra',
      'as',
      'part',
      'of',
      'the',
      'git',
      'migration',
      'in',
      'order',
      'to',
      'not',
      'break',
      'user',
      'setups',
      'we',
      'kept',
      'these',
      'repositories',
      'around',
      'in',
      'an',
      'unused',
      'and',
      'empty',
      'state',
      "we're",
      'going',
      'to',
      'clean',
      'up',
      'these',
      'old',
      'repositories',
      'on',
      '2025-03-01',
      'on',
      'systems',
      'where',
      'etc',
      'pacman',
      'conf',
      'still',
      'references',
      'the',
      'old',
      'community',
      'repository',
      'pacman',
      '-sy',
      'will',
      'return',
      'an',
      'error',
      'on',
      'trying',
      'to',
      'sync',
      'repository',
      'metadata',
      'the',
      'following',
      'deprecated',
      'repositories',
      'will',
      'be',
      'removed',
      'community',
      'community-testing',
      'testing',
      'testing-debug',
      'staging',
      'staging-debug',
      'please',
      'make',
      'sure',
      'to',
      'remove',
      'all',
      'use',
      'of',
      'the',
      'aforementioned',
      'repositories',
      'from',
      'your',
      'etc',
      'pacman',
      'conf',
      'for',
      'which',
      'a',
      'pacnew',
      'was',
      'shipped',
      'with',
      'pacman',
      'gt',
      '2-7',
    ]),
    list([
      'glibc',
      'corrupting',
      'discord',
      'installation',
      'we',
      'plan',
      'to',
      'move',
      'glibc',
      'and',
      'its',
      'friends',
      'to',
      'stable',
      'later',
      'today',
      'feb',
      'after',
      'installing',
      'the',
      'update',
      'the',
      'discord',
      'client',
      'will',
      'show',
      'a',
      'red',
      'warning',
      'that',
      'the',
      'installation',
      'is',
      'corrupt',
      'this',
      'issue',
      'has',
      'been',
      'fixed',
      'in',
      'the',
      'discord',
      'canary',
      'build',
      'if',
      'you',
      'rely',
      'on',
      'audio',
      'connectivity',
      'please',
      'use',
      'the',
      'canary',
      'build',
      'login',
      'via',
      'browser',
      'or',
      'the',
      'flatpak',
      'version',
      'until',
      'the',
      'fix',
      'hits',
      'the',
      'stable',
      'discord',
      'release',
      'there',
      'have',
      'been',
      'no',
      'reports',
      'that',
      'written',
      'chat',
      'connectivity',
      'is',
      'affected',
      'update',
      'the',
      'issue',
      'has',
      'been',
      'fixed',
      'in',
      'discord',
      '84-1',
    ]),
  ])
# ---
